// Vitest Snapshot v1, https://vitest.dev/guide/snapshot.html

exports[`HeaderJuego > coincide con el snapshot 1`] = `
<div>
  <div
    class="text-center space-y-2"
  >
    <h1
      class="text-3xl font-bold text-gray-900"
    >
      Quiz de Lenguajes de Programación
    </h1>
    <p
      class="text-gray-600"
    >
      Identifica el lenguaje de programación del código mostrado
    </p>
  </div>
</div>
`;
